// Jest Snapshot v1, https://goo.gl/fbAQLP

exports[`LogginProvider renders correctly 1`] = `<DocumentFragment />`;
