// Jest Snapshot v1, https://goo.gl/fbAQLP

exports[`NotificationModal renders correctly 1`] = `
Array [
  <button
    className="group tap-highlight-transparent transition-transform-colors-opacity data-[hover=true]:opacity-hover z-0 group relative inline-flex items-center justify-center box-border appearance-none select-none whitespace-nowrap font-normal subpixel-antialiased overflow-hidden tap-highlight-transparent outline-none data-[focus-visible=true]:z-10 data-[focus-visible=true]:outline-2 data-[focus-visible=true]:outline-focus data-[focus-visible=true]:outline-offset-2 px-unit-4 min-w-unit-20 h-unit-10 text-small gap-unit-2 rounded-medium [&>svg]:max-w-[theme(spacing.unit-8)] data-[pressed=true]:scale-[0.97] transition-transform-colors-opacity motion-reduce:transition-none bg-primary/20 data-[hover=true]:opacity-hover text-black"
    disabled={false}
    href="#"
    onBlur={[Function]}
    onClick={[Function]}
    onDragStart={[Function]}
    onFocus={[Function]}
    onKeyDown={[Function]}
    onKeyUp={[Function]}
    onMouseDown={[Function]}
    onMouseEnter={[Function]}
    onMouseLeave={[Function]}
    onMouseUp={[Function]}
    onTouchCancel={[Function]}
    onTouchEnd={[Function]}
    onTouchMove={[Function]}
    onTouchStart={[Function]}
    role="button"
    tabIndex={0}
    type="button"
  >
    Notificaciones
  </button>,
  <div
    className="mt-20"
  />,
]
`;
