// Jest Snapshot v1, https://goo.gl/fbAQLP

exports[`PostDetails Component renders post details correctly 1`] = `null`;
