// Jest Snapshot v1, https://goo.gl/fbAQLP

exports[`Posts Component renders correctly 1`] = `
<section
  className="container mx-auto p-10 md:py-20 px-0 md:p-10 md:px-0 bg-black mt-5"
>
  <section
    className="p-5 md:p-0 grid grid-cols-1 sm:grid-cols-1 md:grid-cols-2 xl:grid-cols-3 2xl:grid-cols-4 gap-5 items-start"
  />
</section>
`;
