// Jest Snapshot v1, https://goo.gl/fbAQLP

exports[`Home component matches snapshot 1`] = `
<DocumentFragment>
  <button
    class="lgn-btn"
    type="submit"
  >
    Home
  </button>
</DocumentFragment>
`;
