// Jest Snapshot v1, https://goo.gl/fbAQLP

exports[`useCountedRates matches snapshot 1`] = `
Object {
  "nrates": Object {},
  "setNRates": [Function],
}
`;
